[demo.cocobasic.com/ukko-html/index.html]
[backblue.gif]
[fade.gif]
[index.html]
[demo.cocobasic.com/ukko-html/images/favicon.ico]
[demo.cocobasic.com/ukko-html/css/clear.css]
[demo.cocobasic.com/ukko-html/css/bootstrap-grid.css]
[demo.cocobasic.com/ukko-html/css/prettyPhoto.css]
[demo.cocobasic.com/ukko-html/css/owl.carousel.min.css]
[demo.cocobasic.com/ukko-html/css/owl.theme.default.min.css]
[demo.cocobasic.com/ukko-html/style.css]
[demo.cocobasic.com/ukko-html/images/photo-1.jpg]
[demo.cocobasic.com/ukko-html/images/scroll-icon.svg]
[demo.cocobasic.com/ukko-html/images/serv-icon-1.svg]
[demo.cocobasic.com/ukko-html/images/serv-icon-2.svg]
[demo.cocobasic.com/ukko-html/images/serv-icon-3.svg]
[demo.cocobasic.com/ukko-html/images/serv-icon-4.svg]
[demo.cocobasic.com/ukko-html/images/about-img.jpg]
[demo.cocobasic.com/ukko-html/images/signature.svg]
[demo.cocobasic.com/ukko-html/portfolio-1.html]
[demo.cocobasic.com/ukko-html/images/portfolio1.jpg]
[demo.cocobasic.com/ukko-html/portfolio-2.html]
[demo.cocobasic.com/ukko-html/images/portfolio2.jpg]
[demo.cocobasic.com/ukko-html/portfolio-3.html]
[demo.cocobasic.com/ukko-html/images/portfolio3.jpg]
[demo.cocobasic.com/ukko-html/images/portfolio4.jpg]
[demo.cocobasic.com/ukko-html/images/item1.jpg]
[demo.cocobasic.com/ukko-html/images/portfolio5.jpg]
[demo.cocobasic.com/ukko-html/single-blog.html]
[demo.cocobasic.com/ukko-html/images/map.png]
[demo.cocobasic.com/cdn-cgi/scripts/5c5dd728/cloudflare-static/email-decode.min.js]
[demo.cocobasic.com/ukko-html/js/jquery.js]
[demo.cocobasic.com/ukko-html/js/imagesloaded.pkgd.js]
[demo.cocobasic.com/ukko-html/js/jquery.fitvids.js]
[demo.cocobasic.com/ukko-html/js/jarallax.js]
[demo.cocobasic.com/ukko-html/js/jarallax-element.min.js]
[demo.cocobasic.com/ukko-html/js/isotope.pkgd.js]
[demo.cocobasic.com/ukko-html/js/jquery.prettyPhoto.js]
[demo.cocobasic.com/ukko-html/js/owl.carousel.min.js]
[demo.cocobasic.com/ukko-html/index.html]
[demo.cocobasic.com/ukko-html/css/clear.css]
[demo.cocobasic.com/ukko-html/css/bootstrap-grid.css]
[demo.cocobasic.com/ukko-html/js/main.js]
[demo.cocobasic.com/ukko-html/images/prettyPhoto/default/sprite_next.png]
[demo.cocobasic.com/ukko-html/images/prettyPhoto/default/sprite_prev.png]
[demo.cocobasic.com/ukko-html/images/prettyPhoto/default/sprite.png]
[demo.cocobasic.com/ukko-html/images/prettyPhoto/default/default_thumb.png]
[demo.cocobasic.com/ukko-html/images/prettyPhoto/default/loader.gif]
[demo.cocobasic.com/ukko-html/images/prettyPhoto/light_rounded/sprite.png]
[demo.cocobasic.com/ukko-html/images/prettyPhoto/light_rounded/btnNext.png]
[demo.cocobasic.com/ukko-html/images/prettyPhoto/light_rounded/btnPrevious.png]
[demo.cocobasic.com/ukko-html/images/prettyPhoto/light_rounded/loader.gif]
[demo.cocobasic.com/ukko-html/images/prettyPhoto/dark_rounded/sprite.png]
[demo.cocobasic.com/ukko-html/images/prettyPhoto/dark_rounded/contentPattern.png]
[demo.cocobasic.com/ukko-html/images/prettyPhoto/dark_rounded/btnNext.png]
[demo.cocobasic.com/ukko-html/images/prettyPhoto/dark_rounded/btnPrevious.png]
[demo.cocobasic.com/ukko-html/images/prettyPhoto/dark_rounded/loader.gif]
[demo.cocobasic.com/ukko-html/images/prettyPhoto/dark_square/loader.gif]
[demo.cocobasic.com/ukko-html/images/prettyPhoto/dark_square/sprite.png]
[demo.cocobasic.com/ukko-html/images/prettyPhoto/dark_square/btnNext.png]
[demo.cocobasic.com/ukko-html/images/prettyPhoto/dark_square/btnPrevious.png]
[demo.cocobasic.com/ukko-html/images/prettyPhoto/light_square/sprite.png]
[demo.cocobasic.com/ukko-html/images/prettyPhoto/light_square/btnNext.png]
[demo.cocobasic.com/ukko-html/images/prettyPhoto/light_square/btnPrevious.png]
[demo.cocobasic.com/ukko-html/images/prettyPhoto/facebook/sprite.png]
[demo.cocobasic.com/ukko-html/images/prettyPhoto/facebook/contentPatternTop.png]
[demo.cocobasic.com/ukko-html/images/prettyPhoto/facebook/contentPatternLeft.png]
[demo.cocobasic.com/ukko-html/images/prettyPhoto/facebook/contentPatternRight.png]
[demo.cocobasic.com/ukko-html/images/prettyPhoto/facebook/loader.gif]
[demo.cocobasic.com/ukko-html/images/prettyPhoto/facebook/btnNext.png]
[demo.cocobasic.com/ukko-html/images/prettyPhoto/facebook/btnPrevious.png]
[demo.cocobasic.com/ukko-html/images/prettyPhoto/facebook/contentPatternBottom.png]
[demo.cocobasic.com/ukko-html/images/prettyPhoto/facebook/default_thumbnail.gif]
[demo.cocobasic.com/ukko-html/css/prettyPhoto.css]
[demo.cocobasic.com/ukko-html/css/owl.video.play.png]
[demo.cocobasic.com/ukko-html/css/owl.carousel.min.css]
[demo.cocobasic.com/ukko-html/css/owl.theme.default.min.css]
[demo.cocobasic.com/ukko-html/images/close-left-arrow.png]
[demo.cocobasic.com/ukko-html/images/nav_left.png]
[demo.cocobasic.com/ukko-html/images/nav_right.png]
[demo.cocobasic.com/ukko-html/images/close.png]
[demo.cocobasic.com/ukko-html/style.css]
[demo.cocobasic.com/ukko-html/images/scroll-icon.svg]
[demo.cocobasic.com/ukko-html/images/serv-icon-1.svg]
[demo.cocobasic.com/ukko-html/images/serv-icon-2.svg]
[demo.cocobasic.com/ukko-html/images/serv-icon-3.svg]
[demo.cocobasic.com/ukko-html/images/serv-icon-4.svg]
[demo.cocobasic.com/ukko-html/images/signature.svg]
[demo.cocobasic.com/ukko-html/index-2.html]
[demo.cocobasic.com/ukko-html/images/item2.jpg]
[demo.cocobasic.com/ukko-html/images/item3.jpg]
[demo.cocobasic.com/ukko-html/portfolio-1.html]
[demo.cocobasic.com/ukko-html/portfolio-2.html]
[demo.cocobasic.com/ukko-html/portfolio-3.html]
[demo.cocobasic.com/ukko-html/images/img-single-blog.jpg]
[demo.cocobasic.com/ukko-html/single-blog.html]
[demo.cocobasic.com/ukko-html/css/owl.video.play.html]
[demo.cocobasic.com/ukko-html/index-2.html]
[demo.cocobasic.com/ukko-html/images/quote.svg]
[demo.cocobasic.com/ukko-html/images/quote.svg]
