[demo.cocobasic.com/volos-html/index.html]
[backblue.gif]
[fade.gif]
[index.html]
[demo.cocobasic.com/volos-html/images/favicon.ico]
[demo.cocobasic.com/volos-html/style.css]
[demo.cocobasic.com/volos-html/images/preloader.gif]
[demo.cocobasic.com/volos-html/images/signature.png]
[demo.cocobasic.com/volos-html/images/service1.png]
[demo.cocobasic.com/volos-html/images/service2.png]
[demo.cocobasic.com/volos-html/images/service3.png]
[demo.cocobasic.com/volos-html/images/service4.png]
[demo.cocobasic.com/volos-html/portfolio-1.html]
[demo.cocobasic.com/volos-html/images/portfolio1.jpg]
[demo.cocobasic.com/volos-html/portfolio-2.html]
[demo.cocobasic.com/volos-html/images/portfolio2.jpg]
[demo.cocobasic.com/volos-html/portfolio-3.html]
[demo.cocobasic.com/volos-html/images/portfolio3.jpg]
[demo.cocobasic.com/volos-html/images/portfolio4.jpg]
[demo.cocobasic.com/volos-html/images/item_03.jpg]
[demo.cocobasic.com/volos-html/images/portfolio5.jpg]
[demo.cocobasic.com/volos-html/images/item_02.jpg]
[demo.cocobasic.com/volos-html/images/portfolio6.jpg]
[demo.cocobasic.com/volos-html/images/signature2.png]
[demo.cocobasic.com/cdn-cgi/scripts/5c5dd728/cloudflare-static/email-decode.min.js]
[demo.cocobasic.com/volos-html/js/jquery.js]
[demo.cocobasic.com/volos-html/js/imagesloaded.pkgd.js]
[demo.cocobasic.com/volos-html/js/jquery.prettyPhoto.js]
[demo.cocobasic.com/volos-html/js/jquery.smartmenus.min.js]
[demo.cocobasic.com/volos-html/js/isotope.pkgd.js]
[demo.cocobasic.com/volos-html/js/owl.carousel.min.js]
[demo.cocobasic.com/volos-html/js/circle-progress.min.js]
[demo.cocobasic.com/volos-html/index.html]
[demo.cocobasic.com/volos-html/js/main.js]
[demo.cocobasic.com/volos-html/css/clear.css]
[demo.cocobasic.com/volos-html/css/sm-clean.css]
[demo.cocobasic.com/volos-html/css/owl.carousel.min.css]
[demo.cocobasic.com/volos-html/css/owl.theme.default.min.css]
[demo.cocobasic.com/volos-html/css/prettyPhoto.css]
[demo.cocobasic.com/volos-html/css/common.css]
[demo.cocobasic.com/volos-html/images/home.jpg]
[demo.cocobasic.com/volos-html/images/close-left-arrow.png]
[demo.cocobasic.com/volos-html/images/nav_left.png]
[demo.cocobasic.com/volos-html/images/nav_right.png]
[demo.cocobasic.com/volos-html/images/close.png]
[demo.cocobasic.com/volos-html/style.css]
[demo.cocobasic.com/volos-html/index-2.html]
[demo.cocobasic.com/volos-html/images/item_01.jpg]
[demo.cocobasic.com/volos-html/portfolio-1.html]
[demo.cocobasic.com/volos-html/portfolio-2.html]
[demo.cocobasic.com/volos-html/portfolio-3.html]
[demo.cocobasic.com/volos-html/css/clear.css]
[demo.cocobasic.com/volos-html/css/sm-clean.css]
[demo.cocobasic.com/volos-html/css/owl.video.play.png]
[demo.cocobasic.com/volos-html/css/owl.carousel.min.css]
[demo.cocobasic.com/volos-html/css/owl.theme.default.min.css]
[demo.cocobasic.com/volos-html/images/prettyPhoto/default/sprite_next.png]
[demo.cocobasic.com/volos-html/images/prettyPhoto/default/sprite_prev.png]
[demo.cocobasic.com/volos-html/images/prettyPhoto/default/sprite.png]
[demo.cocobasic.com/volos-html/images/prettyPhoto/default/default_thumb.png]
[demo.cocobasic.com/volos-html/images/prettyPhoto/default/loader.gif]
[demo.cocobasic.com/volos-html/images/prettyPhoto/light_rounded/sprite.png]
[demo.cocobasic.com/volos-html/images/prettyPhoto/light_rounded/btnNext.png]
[demo.cocobasic.com/volos-html/images/prettyPhoto/light_rounded/btnPrevious.png]
[demo.cocobasic.com/volos-html/images/prettyPhoto/light_rounded/loader.gif]
[demo.cocobasic.com/volos-html/images/prettyPhoto/dark_rounded/sprite.png]
[demo.cocobasic.com/volos-html/images/prettyPhoto/dark_rounded/contentPattern.png]
[demo.cocobasic.com/volos-html/images/prettyPhoto/dark_rounded/btnNext.png]
[demo.cocobasic.com/volos-html/images/prettyPhoto/dark_rounded/btnPrevious.png]
[demo.cocobasic.com/volos-html/images/prettyPhoto/dark_rounded/loader.gif]
[demo.cocobasic.com/volos-html/images/prettyPhoto/dark_square/loader.gif]
[demo.cocobasic.com/volos-html/images/prettyPhoto/dark_square/sprite.png]
[demo.cocobasic.com/volos-html/images/prettyPhoto/dark_square/btnNext.png]
[demo.cocobasic.com/volos-html/images/prettyPhoto/dark_square/btnPrevious.png]
[demo.cocobasic.com/volos-html/images/prettyPhoto/light_square/sprite.png]
[demo.cocobasic.com/volos-html/images/prettyPhoto/light_square/btnNext.png]
[demo.cocobasic.com/volos-html/images/prettyPhoto/light_square/btnPrevious.png]
[demo.cocobasic.com/volos-html/images/prettyPhoto/facebook/sprite.png]
[demo.cocobasic.com/volos-html/images/prettyPhoto/facebook/contentPatternTop.png]
[demo.cocobasic.com/volos-html/images/prettyPhoto/facebook/contentPatternLeft.png]
[demo.cocobasic.com/volos-html/images/prettyPhoto/facebook/contentPatternRight.png]
[demo.cocobasic.com/volos-html/images/prettyPhoto/facebook/loader.gif]
[demo.cocobasic.com/volos-html/images/prettyPhoto/facebook/btnNext.png]
[demo.cocobasic.com/volos-html/images/prettyPhoto/facebook/btnPrevious.png]
[demo.cocobasic.com/volos-html/images/prettyPhoto/facebook/contentPatternBottom.png]
[demo.cocobasic.com/volos-html/images/prettyPhoto/facebook/default_thumbnail.gif]
[demo.cocobasic.com/volos-html/css/prettyPhoto.css]
[demo.cocobasic.com/volos-html/css/common.css]
[demo.cocobasic.com/volos-html/index-2.html]
[demo.cocobasic.com/volos-html/css/owl.video.play.html]
